******************************************************************************
                  TI ARM Linker PC v20.2.7                     
******************************************************************************
>> Linked Wed Dec 31 22:17:49 2025

OUTPUT FILE NAME:   <Nick.out>
ENTRY POINT SYMBOL: "_c_int00"  address: 000049f0


MEMORY CONFIGURATION

         name            origin    length      used     unused   attr    fill
----------------------  --------  ---------  --------  --------  ----  --------
  VECTORS               00000000   00000020  00000020  00000000     X
  FLASH0                00000020   001fffe0  00005008  001fafd8  R  X
  FLASH1                00200000   00200000  00000000  00200000  R  X
  STACKS                08000000   00001500  00000000  00001500  RW  
  RAM                   08001500   0007eb00  0000026d  0007e893  RW  


SEGMENT ALLOCATION MAP

run origin  load origin   length   init length attrs members
----------  ----------- ---------- ----------- ----- -------
00000000    00000000    00004d48   00004d48    r-x
  00000000    00000000    00000020   00000020    r-x .intvecs
  00000020    00000020    00004d28   00004d28    r-x .text
00004d60    00004d60    000002b0   000002b0    r--
  00004d60    00004d60    000002b0   000002b0    r-- .const
00005020    00005020    00000030   00000030    r--
  00005020    00005020    00000030   00000030    r-- .cinit
08001500    08001500    0000026d   00000000    rw-
  08001500    08001500    0000026c   00000000    rw- .bss
  0800176c    0800176c    00000001   00000000    rw- .data


SECTION ALLOCATION MAP

 output                                  attributes/
section   page    origin      length       input sections
--------  ----  ----------  ----------   ----------------
.intvecs   0    00000000    00000020     
                  00000000    00000020     HL_sys_intvecs.obj (.intvecs)

.text      0    00000020    00004d28     
                  00000020    00000ce8     fw_uart.obj (.text)
                  00000d08    000009c8     HL_pinmux.obj (.text)
                  000016d0    00000998     HL_system.obj (.text)
                  00002068    00000938     HL_sys_vim.obj (.text)
                  000029a0    0000078c     HL_esm.obj (.text)
                  0000312c    00000664     HL_errata_SSWF021_45.obj (.text)
                  00003790    000003c4     HL_sys_core.obj (.text)
                  00003b54    0000036c     HL_sys_mpu.obj (.text)
                  00003ec0    0000033c     HL_sys_vim.obj (.text:retain)
                  000041fc    00000204     fw_uart.obj (.text:retain)
                  00004400    000001bc     fw_test.obj (.text)
                  000045bc    00000180     rtsv7R4_A_be_v3D16_eabi.lib : memcpy32.asm.obj (.text)
                  0000473c    00000178     HL_esm.obj (.text:retain)
                  000048b4    0000013c     rtsv7R4_A_be_v3D16_eabi.lib : s_floor.c.obj (.text:floor)
                  000049f0    000000d8     HL_sys_startup.obj (.text:retain)
                  00004ac8    000000b0     rtsv7R4_A_be_v3D16_eabi.lib : memset32.asm.obj (.text)
                  00004b78    00000090                                 : copy_decompress_lzss.c.obj (.text:decompress:lzss:__TI_decompress_lzss)
                  00004c08    00000074     HL_notification.obj (.text)
                  00004c7c    00000068     rtsv7R4_A_be_v3D16_eabi.lib : autoinit.c.obj (.text:__TI_auto_init_nobinit_nopinit:__TI_auto_init_nobinit_nopinit)
                  00004ce4    00000028                                 : copy_zero_init.c.obj (.text:decompress:ZI:__TI_zero_init_nomemset:__TI_zero_init_nomemset)
                  00004d0c    00000018     HL_sys_main.obj (.text)
                  00004d24    00000014     rtsv7R4_A_be_v3D16_eabi.lib : copy_decompress_none.c.obj (.text:decompress:none:__TI_decompress_none)
                  00004d38    00000008                                 : exit.c.obj (.text:abort:abort)
                  00004d40    00000004     HL_sys_startup.obj (.text)
                  00004d44    00000004     HL_sys_phantom.obj (.text:retain)

.const     0    00004d60    000002b0     
                  00004d60    00000200     HL_sys_vim.obj (.const:s_vim_init)
                  00004f60    000000b0     fw_uart.obj (.const:uart_config_defs)

.cinit     0    00005020    00000030     
                  00005020    0000000c     (__TI_handler_table)
                  0000502c    00000004     --HOLE-- [fill = 0]
                  00005030    00000008     (.cinit..bss.load) [load image, compression = zero_init]
                  00005038    00000005     (.cinit..data.load) [load image, compression = lzss]
                  0000503d    00000003     --HOLE-- [fill = 0]
                  00005040    00000010     (__TI_cinit_table)

.bss       0    08001500    0000026c     UNINITIALIZED
                  08001500    000001ac     fw_uart.obj (.bss:sci_rx_buffer)
                  080016ac    0000006b     fw_test.obj (.bss:tx_info$1)
                  08001717    00000001     --HOLE--
                  08001718    00000050     fw_uart.obj (.bss:g_sciTransfer_t)
                  08001768    00000004     fw_uart.obj (.bss:sci_rx_buffer_idx)

.data      0    0800176c    00000001     UNINITIALIZED
                  0800176c    00000001     fw_uart.obj (.data)

__llvm_prf_cnts 
*          0    08001500    00000000     UNINITIALIZED

MODULE SUMMARY

       Module                       code    ro data   rw data
       ------                       ----    -------   -------
    .\components\fw_test\
       fw_test.obj                  444     0         107    
    +--+----------------------------+-------+---------+---------+
       Total:                       444     0         107    
                                                             
    .\components\fw_uart\
       fw_uart.obj                  3820    176       513    
    +--+----------------------------+-------+---------+---------+
       Total:                       3820    176       513    
                                                             
    .\source\
       HL_sys_vim.obj               3188    512       0      
       HL_pinmux.obj                2504    0         0      
       HL_system.obj                2456    0         0      
       HL_esm.obj                   2308    0         0      
       HL_errata_SSWF021_45.obj     1636    0         0      
       HL_sys_core.obj              964     0         0      
       HL_sys_mpu.obj               876     0         0      
       HL_sys_startup.obj           220     0         0      
       HL_notification.obj          116     0         0      
       HL_sys_intvecs.obj           32      0         0      
       HL_sys_main.obj              24      0         0      
       HL_sys_phantom.obj           4       0         0      
    +--+----------------------------+-------+---------+---------+
       Total:                       14328   512       0      
                                                             
    C:\ti\ccs1281\ccs\tools\compiler\ti-cgt-arm_20.2.7.LTS\lib\rtsv7R4_A_be_v3D16_eabi.lib
       memcpy32.asm.obj             384     0         0      
       s_floor.c.obj                316     0         0      
       memset32.asm.obj             176     0         0      
       copy_decompress_lzss.c.obj   144     0         0      
       autoinit.c.obj               104     0         0      
       copy_zero_init.c.obj         40      0         0      
       copy_decompress_none.c.obj   20      0         0      
       exit.c.obj                   8       0         0      
    +--+----------------------------+-------+---------+---------+
       Total:                       1192    0         0      
                                                             
       Linker Generated:            0       41        0      
    +--+----------------------------+-------+---------+---------+
       Grand Total:                 19784   729       620    


LINKER GENERATED COPY TABLES

__TI_cinit_table @ 00005040 records: 2, size/record: 8, table size: 16
	.bss: load addr=00005030, load size=00000008 bytes, run addr=08001500, run size=0000026c bytes, compression=zero_init
	.data: load addr=00005038, load size=00000005 bytes, run addr=0800176c, run size=00000001 bytes, compression=lzss


LINKER GENERATED HANDLER TABLE

__TI_handler_table @ 00005020 records: 3, size/record: 4, table size: 12
	index: 0, handler: __TI_zero_init
	index: 1, handler: __TI_decompress_lzss
	index: 2, handler: __TI_decompress_none


GLOBAL SYMBOLS: SORTED ALPHABETICALLY BY Name 

address   name                                
-------   ----                                
00004d38  C$$EXIT                             
UNDEFED   SHT$$INIT_ARRAY$$Base               
UNDEFED   SHT$$INIT_ARRAY$$Limit              
00005040  __TI_CINIT_Base                     
00005050  __TI_CINIT_Limit                    
00005020  __TI_Handler_Table_Base             
0000502c  __TI_Handler_Table_Limit            
00003b4c  __TI_PINIT_Base                     
00003b50  __TI_PINIT_Limit                    
00004c7c  __TI_auto_init_nobinit_nopinit      
00004b78  __TI_decompress_lzss                
00004d24  __TI_decompress_none                
ffffffff  __TI_pprof_out_hndl                 
ffffffff  __TI_prof_data_size                 
ffffffff  __TI_prof_data_start                
00000000  __TI_static_base__                  
00004ce4  __TI_zero_init_nomemset             
00004ac8  __aeabi_memclr                      
00004ac8  __aeabi_memclr4                     
00004ac8  __aeabi_memclr8                     
000045bc  __aeabi_memcpy                      
000045bc  __aeabi_memcpy4                     
000045bc  __aeabi_memcpy8                     
00004acc  __aeabi_memset                      
00004acc  __aeabi_memset4                     
00004acc  __aeabi_memset8                     
ffffffff  __binit__                           
ffffffff  __c_args__                          
08001500  __start___llvm_prf_cnts             
08001500  __stop___llvm_prf_cnts              
000049f0  _c_int00                            
00003b00  _cacheDisable_                      
00003abc  _cacheEnable_                       
00003a9c  _checkMemInitOn_                    
000039a8  _coreClearAuxiliaryDataFault_       
000039bc  _coreClearAuxiliaryInstructionFault_
00003980  _coreClearDataFaultAddress_         
00003958  _coreClearDataFault_                
00003994  _coreClearInstructionFaultAddress_  
0000396c  _coreClearInstructionFault_         
00003930  _coreDisableEventBusExport_         
00003920  _coreEnableEventBusExport_          
00003940  _coreEnableIrqVicOffset_            
00003908  _coreEnableVfp_                     
000039a0  _coreGetAuxiliaryDataFault_         
000039b4  _coreGetAuxiliaryInstructionFault_  
00003978  _coreGetDataFaultAddress_           
00003950  _coreGetDataFault_                  
0000398c  _coreGetInstructionFaultAddress_    
00003964  _coreGetInstructionFault_           
00003790  _coreInitRegisters_                 
0000389c  _coreInitStackPointer_              
00003b24  _dCacheInvalidate_                  
000039c8  _disable_IRQ_interrupt_             
000039d0  _enable_IRQ_interrupt_              
000039d8  _enable_interrupt_                  
0000312c  _errata_SSWF021_45_both_plls        
00003320  _errata_SSWF021_45_pll1             
00003498  _errata_SSWF021_45_pll2             
000039e0  _esmCcmErrorsClear_                 
000038e8  _getCPSRValue_                      
000038f0  _gotoCPUIdle_                       
00003b38  _iCacheInvalidate_                  
00003a68  _memInit_                           
00003e68  _mpuAreRegionsSeparate_             
00003e4c  _mpuDisableBackgroundRegion_        
00003e24  _mpuDisable_                        
00003e3c  _mpuEnableBackgroundRegion_         
00003e0c  _mpuEnable_                         
00003e5c  _mpuGetNumberOfRegions_             
00003e8c  _mpuGetRegionBaseAddress_           
00003eac  _mpuGetRegionPermission_            
00003ea0  _mpuGetRegionType_                  
00003e7c  _mpuGetRegion_                      
00003b54  _mpuInit_                           
00003e84  _mpuSetRegionBaseAddress_           
00003eb8  _mpuSetRegionSizeRegister_          
00003e94  _mpuSetRegionTypeAndPermission_     
00003e74  _mpuSetRegion_                      
UNDEFED   _system_post_cinit                  
00004d38  abort                               
ffffffff  binit                               
00001fc0  customTrimLPO                       
00004c40  dmaGroupANotification               
00004c68  epcCAMFullNotification              
00004c6c  epcFIFOFullNotification             
00002bb0  esmActivateNormalOperation          
00002cfc  esmClearStatus                      
00002d60  esmClearStatusBuffer                
00002d3c  esmClearStatusUpper                 
00002b5c  esmDisableError                     
00002b84  esmDisableErrorUpper                
00002c04  esmDisableInterrupt                 
00002c2c  esmDisableInterruptUpper            
00002b18  esmEnableError                      
00002b40  esmEnableErrorUpper                 
00002bc0  esmEnableInterrupt                  
00002be8  esmEnableInterruptUpper             
00002e90  esmEnterSelfTest                    
00002afc  esmError                            
00002f68  esmGetConfigValue                   
00002d9c  esmGetStatus                        
00002e68  esmGetStatusBuffer                  
00002e20  esmGetStatusUpper                   
00004c08  esmGroup1Notification               
00004c1c  esmGroup2Notification               
00004c30  esmGroup3Notification               
0000473c  esmHighInterrupt                    
000029a0  esmInit                             
00002f18  esmSelfTestStatus                   
00002d7c  esmSetCounterPreloadValue           
00002c48  esmSetInterruptLevel                
00002cbc  esmSetInterruptLevelUpper           
00002ba0  esmTriggerErrorPinReset             
000048b4  floor                               
000048b4  floorl                              
00004400  fw_test                             
00001a68  getResetSource                      
00004d40  handlePLLLockFail                   
00004d0c  main                                
00001898  mapClocks                           
000045bc  memcpy                              
00004ad8  memset                              
00000d08  muxInit                             
000017e4  periphInit                          
00004d44  phantomInterrupt                    
00000000  resetEntry                          
00000b4c  sci3GetConfigValue                  
000041fc  sci3HighLevelInterrupt              
000009c0  sciDisableLoopback                  
00000a74  sciDisableNotification              
0000098c  sciEnableLoopback                   
000009dc  sciEnableNotification               
00000b0c  sciEnterResetState                  
00000b2c  sciExitResetState                   
00000804  sciIsIdleDetected                   
000007e8  sciIsRxReady                        
00000638  sciIsTxReady                        
00000344  sciNotification                     
0000087c  sciReceive                          
00000850  sciReceiveByte                      
00000820  sciRxError                          
00000684  sciSend                             
00000654  sciSendByte                         
0000059c  sciSetBaudrate                      
0000057c  sciSetFunctional                    
000017a4  setupFlash                          
000016d0  setupPLL                            
00001b90  systemGetConfigValue                
000019c4  systemInit                          
00001a38  systemPowerDown                     
00001730  trimLPO                             
0000033c  uartGetConfig                       
00000020  uart_init                           
0000213c  vimChannelMap                       
000023a8  vimDisableInterrupt                 
00003ec0  vimECCErrorHandler                  
000021e0  vimEnableInterrupt                  
00002454  vimGetConfigValue                   
00002068  vimInit                             


GLOBAL SYMBOLS: SORTED BY Symbol Address 

address   name                                
-------   ----                                
00000000  __TI_static_base__                  
00000000  resetEntry                          
00000020  uart_init                           
0000033c  uartGetConfig                       
00000344  sciNotification                     
0000057c  sciSetFunctional                    
0000059c  sciSetBaudrate                      
00000638  sciIsTxReady                        
00000654  sciSendByte                         
00000684  sciSend                             
000007e8  sciIsRxReady                        
00000804  sciIsIdleDetected                   
00000820  sciRxError                          
00000850  sciReceiveByte                      
0000087c  sciReceive                          
0000098c  sciEnableLoopback                   
000009c0  sciDisableLoopback                  
000009dc  sciEnableNotification               
00000a74  sciDisableNotification              
00000b0c  sciEnterResetState                  
00000b2c  sciExitResetState                   
00000b4c  sci3GetConfigValue                  
00000d08  muxInit                             
000016d0  setupPLL                            
00001730  trimLPO                             
000017a4  setupFlash                          
000017e4  periphInit                          
00001898  mapClocks                           
000019c4  systemInit                          
00001a38  systemPowerDown                     
00001a68  getResetSource                      
00001b90  systemGetConfigValue                
00001fc0  customTrimLPO                       
00002068  vimInit                             
0000213c  vimChannelMap                       
000021e0  vimEnableInterrupt                  
000023a8  vimDisableInterrupt                 
00002454  vimGetConfigValue                   
000029a0  esmInit                             
00002afc  esmError                            
00002b18  esmEnableError                      
00002b40  esmEnableErrorUpper                 
00002b5c  esmDisableError                     
00002b84  esmDisableErrorUpper                
00002ba0  esmTriggerErrorPinReset             
00002bb0  esmActivateNormalOperation          
00002bc0  esmEnableInterrupt                  
00002be8  esmEnableInterruptUpper             
00002c04  esmDisableInterrupt                 
00002c2c  esmDisableInterruptUpper            
00002c48  esmSetInterruptLevel                
00002cbc  esmSetInterruptLevelUpper           
00002cfc  esmClearStatus                      
00002d3c  esmClearStatusUpper                 
00002d60  esmClearStatusBuffer                
00002d7c  esmSetCounterPreloadValue           
00002d9c  esmGetStatus                        
00002e20  esmGetStatusUpper                   
00002e68  esmGetStatusBuffer                  
00002e90  esmEnterSelfTest                    
00002f18  esmSelfTestStatus                   
00002f68  esmGetConfigValue                   
0000312c  _errata_SSWF021_45_both_plls        
00003320  _errata_SSWF021_45_pll1             
00003498  _errata_SSWF021_45_pll2             
00003790  _coreInitRegisters_                 
0000389c  _coreInitStackPointer_              
000038e8  _getCPSRValue_                      
000038f0  _gotoCPUIdle_                       
00003908  _coreEnableVfp_                     
00003920  _coreEnableEventBusExport_          
00003930  _coreDisableEventBusExport_         
00003940  _coreEnableIrqVicOffset_            
00003950  _coreGetDataFault_                  
00003958  _coreClearDataFault_                
00003964  _coreGetInstructionFault_           
0000396c  _coreClearInstructionFault_         
00003978  _coreGetDataFaultAddress_           
00003980  _coreClearDataFaultAddress_         
0000398c  _coreGetInstructionFaultAddress_    
00003994  _coreClearInstructionFaultAddress_  
000039a0  _coreGetAuxiliaryDataFault_         
000039a8  _coreClearAuxiliaryDataFault_       
000039b4  _coreGetAuxiliaryInstructionFault_  
000039bc  _coreClearAuxiliaryInstructionFault_
000039c8  _disable_IRQ_interrupt_             
000039d0  _enable_IRQ_interrupt_              
000039d8  _enable_interrupt_                  
000039e0  _esmCcmErrorsClear_                 
00003a68  _memInit_                           
00003a9c  _checkMemInitOn_                    
00003abc  _cacheEnable_                       
00003b00  _cacheDisable_                      
00003b24  _dCacheInvalidate_                  
00003b38  _iCacheInvalidate_                  
00003b4c  __TI_PINIT_Base                     
00003b50  __TI_PINIT_Limit                    
00003b54  _mpuInit_                           
00003e0c  _mpuEnable_                         
00003e24  _mpuDisable_                        
00003e3c  _mpuEnableBackgroundRegion_         
00003e4c  _mpuDisableBackgroundRegion_        
00003e5c  _mpuGetNumberOfRegions_             
00003e68  _mpuAreRegionsSeparate_             
00003e74  _mpuSetRegion_                      
00003e7c  _mpuGetRegion_                      
00003e84  _mpuSetRegionBaseAddress_           
00003e8c  _mpuGetRegionBaseAddress_           
00003e94  _mpuSetRegionTypeAndPermission_     
00003ea0  _mpuGetRegionType_                  
00003eac  _mpuGetRegionPermission_            
00003eb8  _mpuSetRegionSizeRegister_          
00003ec0  vimECCErrorHandler                  
000041fc  sci3HighLevelInterrupt              
00004400  fw_test                             
000045bc  __aeabi_memcpy                      
000045bc  __aeabi_memcpy4                     
000045bc  __aeabi_memcpy8                     
000045bc  memcpy                              
0000473c  esmHighInterrupt                    
000048b4  floor                               
000048b4  floorl                              
000049f0  _c_int00                            
00004ac8  __aeabi_memclr                      
00004ac8  __aeabi_memclr4                     
00004ac8  __aeabi_memclr8                     
00004acc  __aeabi_memset                      
00004acc  __aeabi_memset4                     
00004acc  __aeabi_memset8                     
00004ad8  memset                              
00004b78  __TI_decompress_lzss                
00004c08  esmGroup1Notification               
00004c1c  esmGroup2Notification               
00004c30  esmGroup3Notification               
00004c40  dmaGroupANotification               
00004c68  epcCAMFullNotification              
00004c6c  epcFIFOFullNotification             
00004c7c  __TI_auto_init_nobinit_nopinit      
00004ce4  __TI_zero_init_nomemset             
00004d0c  main                                
00004d24  __TI_decompress_none                
00004d38  C$$EXIT                             
00004d38  abort                               
00004d40  handlePLLLockFail                   
00004d44  phantomInterrupt                    
00005020  __TI_Handler_Table_Base             
0000502c  __TI_Handler_Table_Limit            
00005040  __TI_CINIT_Base                     
00005050  __TI_CINIT_Limit                    
08001500  __start___llvm_prf_cnts             
08001500  __stop___llvm_prf_cnts              
ffffffff  __TI_pprof_out_hndl                 
ffffffff  __TI_prof_data_size                 
ffffffff  __TI_prof_data_start                
ffffffff  __binit__                           
ffffffff  __c_args__                          
ffffffff  binit                               
UNDEFED   SHT$$INIT_ARRAY$$Base               
UNDEFED   SHT$$INIT_ARRAY$$Limit              
UNDEFED   _system_post_cinit                  

[160 symbols]
